// Jest Snapshot v1, https://goo.gl/fbAQLP

exports[`UnlockTokensReview should render 1`] = `
<DocumentFragment>
  <div
    class="flex justify-between items-end bg-theme-background"
  >
    <div
      class="space-y-4"
    >
      <h1
        class="mb-0 text-2xl"
        data-testid="header__title"
      >
        Unlock Balance
      </h1>
    </div>
  </div>
  <div
    class="TransactionDetail__TransactionDetailStyled-sc-r7sfme-0 ejECBS no-ligatures pt-4"
    data-testid="TransactionSender"
  >
    <div
      class="flex-1 space-y-2 w-40 whitespace-nowrap"
    >
      <div
        class="text-sm font-semibold text-theme-secondary-500 dark:text-theme-secondary-700 no-ligatures"
      >
        Sender
      </div>
      <div
        class="flex items-center font-semibold"
      >
        <div
          class="flex overflow-hidden flex-grow items-center space-x-2 whitespace-nowrap no-ligatures"
        >
          <span
            class="font-semibold text-base text-theme-text"
            data-testid="Address__alias"
          >
            <span
              class="TruncateEnd__Wrapper-sc-1hhdnni-0"
              data-testid="TruncateEnd"
            >
              LSK Wallet 1
            </span>
          </span>
          <span
            class="flex-1 inline-flex overflow-hidden text-theme-secondary-500 dark:text-theme-secondary-700 font-semibold text-base"
            data-testid="Address__address"
          >
            D8rr7B1d6TL6pf14LgMz4sKp1VBMs6YUYD
          </span>
        </div>
      </div>
    </div>
    <div
      class="flex items-center -space-x-1"
    >
      <div
        class="Avatar__AvatarWrapper-sc-18vw8a4-0 ewMeZp flex-shrink-0"
        data-testid="Avatar"
      >
        <div
          class="w-full h-full inline-flex items-center justify-center overflow-hidden align-middle rounded-full"
        >
          <img
            alt="D8rr7B1d6TL6pf14LgMz4sKp1VBMs6YUYD"
            src="data:image/svg+xml;utf8,<svg version=\\"1.1\\" xmlns=\\"http://www.w3.org/2000/svg\\" class=\\"picasso\\" width=\\"100\\" height=\\"100\\" viewBox=\\"0 0 100 100\\"><style>.picasso circle{mix-blend-mode:soft-light;}</style><rect fill=\\"rgb(0, 150, 136)\\" width=\\"100\\" height=\\"100\\"/><circle r=\\"50\\" cx=\\"80\\" cy=\\"50\\" fill=\\"rgb(76, 175, 80)\\"/><circle r=\\"35\\" cx=\\"100\\" cy=\\"40\\" fill=\\"rgb(156, 39, 176)\\"/><circle r=\\"40\\" cx=\\"90\\" cy=\\"70\\" fill=\\"rgb(3, 169, 244)\\"/></svg>"
            title="D8rr7B1d6TL6pf14LgMz4sKp1VBMs6YUYD"
          />
        </div>
      </div>
    </div>
  </div>
  <div
    class="TransactionDetail__TransactionDetailStyled-sc-r7sfme-0 eyZgWC no-ligatures"
    data-testid="TransactionAmount"
  >
    <div
      class="flex-1 space-y-2 w-40 whitespace-nowrap"
    >
      <div
        class="text-sm font-semibold text-theme-secondary-500 dark:text-theme-secondary-700 no-ligatures"
      >
        Total Amount
      </div>
      <div
        class="flex items-center font-semibold"
      >
        <div
          class="Label-sc-4akkzw-0 hhvRsd"
          color="success"
        >
          <div
            class="flex space-x-1 items-stretch"
          >
            <span
              class="whitespace-nowrap"
              data-testid="Amount"
            >
              + 10 LSK
            </span>
          </div>
        </div>
      </div>
    </div>
    <div
      class="Circle__CircleWrapper-sc-d5u41q-0 egSsGQ border-theme-success-300 text-theme-success-600 dark:border-theme-success-600 ring-theme-background"
    >
      <div
        class="sc-bdvvtL qGXhc"
        height="20"
        width="20"
      >
        <svg>
          received.svg
        </svg>
      </div>
    </div>
  </div>
  <div
    class="TransactionDetail__TransactionDetailStyled-sc-r7sfme-0 eyZgWC no-ligatures"
    data-testid="TransactionFee"
  >
    <div
      class="flex-1 space-y-2 w-40 whitespace-nowrap"
    >
      <div
        class="text-sm font-semibold text-theme-secondary-500 dark:text-theme-secondary-700 no-ligatures"
      >
        Transaction Fee
      </div>
      <div
        class="flex items-center font-semibold"
      >
        <span
          class="whitespace-nowrap"
          data-testid="Amount"
        >
          5 LSK
        </span>
      </div>
    </div>
  </div>
  <div
    class="flex justify-end space-x-3"
  >
    <button
      class="OriginalButton__StyledButton-sc-o0fs2j-0 cxgwmk"
      type="button"
    >
      <div
        class="flex items-center space-x-2"
      >
        Back
      </div>
    </button>
    <button
      class="OriginalButton__StyledButton-sc-o0fs2j-0 isLyLB"
      type="button"
    >
      <div
        class="flex items-center space-x-2"
      >
        Confirm
      </div>
    </button>
  </div>
</DocumentFragment>
`;
