// Jest Snapshot v1, https://goo.gl/fbAQLP

exports[`SuccessStep should render 4th step 1`] = `
<DocumentFragment>
  <section
    data-testid="CreateWallet__SuccessStep"
  >
    <div
      class="flex justify-between items-end bg-theme-background"
    >
      <div
        class="space-y-4"
      >
        <h1
          class="mb-0 text-2xl"
          data-testid="header__title"
        >
          Completed
        </h1>
        <div
          class="text-theme-secondary-text"
          data-testid="header__subtitle"
        >
          The wallet address has been successfully created.
        </div>
      </div>
    </div>
    <div
      class="TransactionDetail__TransactionDetailStyled-sc-r7sfme-0 kUQvOC no-ligatures"
      data-testid="TransactionNetwork"
    >
      <div
        class="flex-1 space-y-2 w-40 whitespace-nowrap"
      >
        <div
          class="text-sm font-semibold text-theme-secondary-500 dark:text-theme-secondary-700 no-ligatures"
        >
          Cryptoasset
        </div>
        <div
          class="flex items-center font-semibold"
        >
          ARK Devnet
        </div>
      </div>
      <div
        aria-label="ARK Devnet"
        class="Circle__CircleWrapper-sc-d5u41q-0 egSsGQ text-theme-secondary-700 border-theme-secondary-300 dark:border-theme-secondary-700 ring-theme-background"
        data-testid="NetworkIcon-ARK-ark.devnet"
      >
        <div
          class="sc-bdvvtL qGXhc"
          data-testid="NetworkIcon__icon"
          height="20"
          width="20"
        >
          <svg>
            ark.svg
          </svg>
        </div>
      </div>
    </div>
    <div
      class="TransactionDetail__TransactionDetailStyled-sc-r7sfme-0 kDtSWJ no-ligatures"
      data-testid="TransactionDetail"
    >
      <div
        class="flex-1 space-y-2 w-40 whitespace-nowrap"
      >
        <div
          class="text-sm font-semibold text-theme-secondary-500 dark:text-theme-secondary-700 no-ligatures"
        >
          Address
        </div>
        <div
          class="flex items-center font-semibold"
        >
          <div
            class="flex overflow-hidden flex-grow items-center space-x-2 whitespace-nowrap no-ligatures"
          >
            <span
              class="flex-1 inline-flex overflow-hidden text-theme-text font-semibold text-base"
              data-testid="Address__address"
            >
              D8rr7B1d6TL6pf14LgMz4sKp1VBMs6YUYD
            </span>
          </div>
        </div>
      </div>
      <div
        class="Avatar__AvatarWrapper-sc-18vw8a4-0 ewMeZp flex-shrink-0"
        data-testid="Avatar"
      >
        <div
          class="w-full h-full inline-flex items-center justify-center overflow-hidden align-middle rounded-full"
        >
          <img
            alt="D8rr7B1d6TL6pf14LgMz4sKp1VBMs6YUYD"
            src="data:image/svg+xml;utf8,<svg version=\\"1.1\\" xmlns=\\"http://www.w3.org/2000/svg\\" class=\\"picasso\\" width=\\"100\\" height=\\"100\\" viewBox=\\"0 0 100 100\\"><style>.picasso circle{mix-blend-mode:soft-light;}</style><rect fill=\\"rgb(0, 150, 136)\\" width=\\"100\\" height=\\"100\\"/><circle r=\\"50\\" cx=\\"80\\" cy=\\"50\\" fill=\\"rgb(76, 175, 80)\\"/><circle r=\\"35\\" cx=\\"100\\" cy=\\"40\\" fill=\\"rgb(156, 39, 176)\\"/><circle r=\\"40\\" cx=\\"90\\" cy=\\"70\\" fill=\\"rgb(3, 169, 244)\\"/></svg>"
            title="D8rr7B1d6TL6pf14LgMz4sKp1VBMs6YUYD"
          />
        </div>
      </div>
    </div>
    <div
      class="TransactionDetail__TransactionDetailStyled-sc-r7sfme-0 eyZgWC no-ligatures"
      data-testid="TransactionDetail"
    >
      <div
        class="flex-1 space-y-2 w-40 whitespace-nowrap"
      >
        <div
          class="text-sm font-semibold text-theme-secondary-500 dark:text-theme-secondary-700 no-ligatures"
        >
          Wallet Name
        </div>
        <div
          class="flex items-center font-semibold"
        >
          ARK Wallet 1
        </div>
      </div>
      <button
        class="OriginalButton__StyledButton-sc-o0fs2j-0 cxgwmk"
        data-testid="CreateWallet__edit-alias"
        type="button"
      >
        <div
          class="flex items-center space-x-2"
        >
          <div
            class="sc-bdvvtL fCrhkg"
            height="16"
            width="16"
          >
            <svg>
              pencil.svg
            </svg>
          </div>
        </div>
      </button>
    </div>
  </section>
</DocumentFragment>
`;
