// Jest Snapshot v1, https://goo.gl/fbAQLP

exports[`WalletOverviewStep Render step should render 1`] = `
<DocumentFragment>
  <section
    data-testid="CreateWallet__WalletOverviewStep"
  >
    <div
      class="flex justify-between items-end bg-theme-background"
    >
      <div
        class="space-y-4"
      >
        <h1
          class="mb-0 text-2xl"
          data-testid="header__title"
        >
          Your Passphrase
        </h1>
      </div>
    </div>
    <div
      class="flex overflow-hidden flex-col space-y-4 rounded-lg p-4 bg-theme-warning-50 dark:bg-theme-secondary-800 sm:space-y-0 sm:space-x-4 sm:flex-row sm:items-center mt-6"
    >
      <div
        class="h-11 w-11 flex flex-shrink-0 items-center justify-center rounded-lg text-white bg-theme-warning-600"
      >
        <div
          class="sc-bdvvtL qGXhc"
          height="20"
          width="20"
        >
          <svg>
            circle-exclamation-mark.svg
          </svg>
        </div>
      </div>
      <div
        class="flex flex-col w-full"
      >
        <div
          class="text-sm leading-relaxed break-words dark:text-theme-secondary-500"
        >
          You are responsible for storing and protecting this mnemonic passphrase offline. The Payvo Wallet cannot reveal this to you at a later time. If you lose this mnemonic passphrase, you will lose your funds.
        </div>
      </div>
    </div>
    <div
      class="mt-8 space-y-8"
    >
      <ul
        class="grid grid-cols-2 gap-x-3 gap-y-5 md:grid-cols-3 lg:grid-cols-4"
      >
        <li
          class="relative p-4 rounded border border-theme-secondary-400 dark:border-theme-secondary-700"
          data-testid="MnemonicList__item"
        >
          <span
            class="absolute top-0 left-0 px-1 text-xs font-semibold transform translate-x-2 -translate-y-2 bg-theme-background text-theme-secondary-700"
          >
            1
          </span>
          <span>
            skin
          </span>
        </li>
        <li
          class="relative p-4 rounded border border-theme-secondary-400 dark:border-theme-secondary-700"
          data-testid="MnemonicList__item"
        >
          <span
            class="absolute top-0 left-0 px-1 text-xs font-semibold transform translate-x-2 -translate-y-2 bg-theme-background text-theme-secondary-700"
          >
            2
          </span>
          <span>
            fortune
          </span>
        </li>
        <li
          class="relative p-4 rounded border border-theme-secondary-400 dark:border-theme-secondary-700"
          data-testid="MnemonicList__item"
        >
          <span
            class="absolute top-0 left-0 px-1 text-xs font-semibold transform translate-x-2 -translate-y-2 bg-theme-background text-theme-secondary-700"
          >
            3
          </span>
          <span>
            security
          </span>
        </li>
        <li
          class="relative p-4 rounded border border-theme-secondary-400 dark:border-theme-secondary-700"
          data-testid="MnemonicList__item"
        >
          <span
            class="absolute top-0 left-0 px-1 text-xs font-semibold transform translate-x-2 -translate-y-2 bg-theme-background text-theme-secondary-700"
          >
            4
          </span>
          <span>
            mom
          </span>
        </li>
        <li
          class="relative p-4 rounded border border-theme-secondary-400 dark:border-theme-secondary-700"
          data-testid="MnemonicList__item"
        >
          <span
            class="absolute top-0 left-0 px-1 text-xs font-semibold transform translate-x-2 -translate-y-2 bg-theme-background text-theme-secondary-700"
          >
            5
          </span>
          <span>
            coin
          </span>
        </li>
        <li
          class="relative p-4 rounded border border-theme-secondary-400 dark:border-theme-secondary-700"
          data-testid="MnemonicList__item"
        >
          <span
            class="absolute top-0 left-0 px-1 text-xs font-semibold transform translate-x-2 -translate-y-2 bg-theme-background text-theme-secondary-700"
          >
            6
          </span>
          <span>
            hurdle
          </span>
        </li>
        <li
          class="relative p-4 rounded border border-theme-secondary-400 dark:border-theme-secondary-700"
          data-testid="MnemonicList__item"
        >
          <span
            class="absolute top-0 left-0 px-1 text-xs font-semibold transform translate-x-2 -translate-y-2 bg-theme-background text-theme-secondary-700"
          >
            7
          </span>
          <span>
            click
          </span>
        </li>
        <li
          class="relative p-4 rounded border border-theme-secondary-400 dark:border-theme-secondary-700"
          data-testid="MnemonicList__item"
        >
          <span
            class="absolute top-0 left-0 px-1 text-xs font-semibold transform translate-x-2 -translate-y-2 bg-theme-background text-theme-secondary-700"
          >
            8
          </span>
          <span>
            emotion
          </span>
        </li>
        <li
          class="relative p-4 rounded border border-theme-secondary-400 dark:border-theme-secondary-700"
          data-testid="MnemonicList__item"
        >
          <span
            class="absolute top-0 left-0 px-1 text-xs font-semibold transform translate-x-2 -translate-y-2 bg-theme-background text-theme-secondary-700"
          >
            9
          </span>
          <span>
            heart
          </span>
        </li>
        <li
          class="relative p-4 rounded border border-theme-secondary-400 dark:border-theme-secondary-700"
          data-testid="MnemonicList__item"
        >
          <span
            class="absolute top-0 left-0 px-1 text-xs font-semibold transform translate-x-2 -translate-y-2 bg-theme-background text-theme-secondary-700"
          >
            10
          </span>
          <span>
            brisk
          </span>
        </li>
        <li
          class="relative p-4 rounded border border-theme-secondary-400 dark:border-theme-secondary-700"
          data-testid="MnemonicList__item"
        >
          <span
            class="absolute top-0 left-0 px-1 text-xs font-semibold transform translate-x-2 -translate-y-2 bg-theme-background text-theme-secondary-700"
          >
            11
          </span>
          <span>
            exact
          </span>
        </li>
        <li
          class="relative p-4 rounded border border-theme-secondary-400 dark:border-theme-secondary-700"
          data-testid="MnemonicList__item"
        >
          <span
            class="absolute top-0 left-0 px-1 text-xs font-semibold transform translate-x-2 -translate-y-2 bg-theme-background text-theme-secondary-700"
          >
            12
          </span>
          <span>
            rather
          </span>
        </li>
        <li
          class="relative p-4 rounded border border-theme-secondary-400 dark:border-theme-secondary-700"
          data-testid="MnemonicList__item"
        >
          <span
            class="absolute top-0 left-0 px-1 text-xs font-semibold transform translate-x-2 -translate-y-2 bg-theme-background text-theme-secondary-700"
          >
            13
          </span>
          <span>
            code
          </span>
        </li>
        <li
          class="relative p-4 rounded border border-theme-secondary-400 dark:border-theme-secondary-700"
          data-testid="MnemonicList__item"
        >
          <span
            class="absolute top-0 left-0 px-1 text-xs font-semibold transform translate-x-2 -translate-y-2 bg-theme-background text-theme-secondary-700"
          >
            14
          </span>
          <span>
            feature
          </span>
        </li>
        <li
          class="relative p-4 rounded border border-theme-secondary-400 dark:border-theme-secondary-700"
          data-testid="MnemonicList__item"
        >
          <span
            class="absolute top-0 left-0 px-1 text-xs font-semibold transform translate-x-2 -translate-y-2 bg-theme-background text-theme-secondary-700"
          >
            15
          </span>
          <span>
            era
          </span>
        </li>
        <li
          class="relative p-4 rounded border border-theme-secondary-400 dark:border-theme-secondary-700"
          data-testid="MnemonicList__item"
        >
          <span
            class="absolute top-0 left-0 px-1 text-xs font-semibold transform translate-x-2 -translate-y-2 bg-theme-background text-theme-secondary-700"
          >
            16
          </span>
          <span>
            leopard
          </span>
        </li>
        <li
          class="relative p-4 rounded border border-theme-secondary-400 dark:border-theme-secondary-700"
          data-testid="MnemonicList__item"
        >
          <span
            class="absolute top-0 left-0 px-1 text-xs font-semibold transform translate-x-2 -translate-y-2 bg-theme-background text-theme-secondary-700"
          >
            17
          </span>
          <span>
            grocery
          </span>
        </li>
        <li
          class="relative p-4 rounded border border-theme-secondary-400 dark:border-theme-secondary-700"
          data-testid="MnemonicList__item"
        >
          <span
            class="absolute top-0 left-0 px-1 text-xs font-semibold transform translate-x-2 -translate-y-2 bg-theme-background text-theme-secondary-700"
          >
            18
          </span>
          <span>
            tide
          </span>
        </li>
        <li
          class="relative p-4 rounded border border-theme-secondary-400 dark:border-theme-secondary-700"
          data-testid="MnemonicList__item"
        >
          <span
            class="absolute top-0 left-0 px-1 text-xs font-semibold transform translate-x-2 -translate-y-2 bg-theme-background text-theme-secondary-700"
          >
            19
          </span>
          <span>
            gift
          </span>
        </li>
        <li
          class="relative p-4 rounded border border-theme-secondary-400 dark:border-theme-secondary-700"
          data-testid="MnemonicList__item"
        >
          <span
            class="absolute top-0 left-0 px-1 text-xs font-semibold transform translate-x-2 -translate-y-2 bg-theme-background text-theme-secondary-700"
          >
            20
          </span>
          <span>
            power
          </span>
        </li>
        <li
          class="relative p-4 rounded border border-theme-secondary-400 dark:border-theme-secondary-700"
          data-testid="MnemonicList__item"
        >
          <span
            class="absolute top-0 left-0 px-1 text-xs font-semibold transform translate-x-2 -translate-y-2 bg-theme-background text-theme-secondary-700"
          >
            21
          </span>
          <span>
            lawsuit
          </span>
        </li>
        <li
          class="relative p-4 rounded border border-theme-secondary-400 dark:border-theme-secondary-700"
          data-testid="MnemonicList__item"
        >
          <span
            class="absolute top-0 left-0 px-1 text-xs font-semibold transform translate-x-2 -translate-y-2 bg-theme-background text-theme-secondary-700"
          >
            22
          </span>
          <span>
            sight
          </span>
        </li>
        <li
          class="relative p-4 rounded border border-theme-secondary-400 dark:border-theme-secondary-700"
          data-testid="MnemonicList__item"
        >
          <span
            class="absolute top-0 left-0 px-1 text-xs font-semibold transform translate-x-2 -translate-y-2 bg-theme-background text-theme-secondary-700"
          >
            23
          </span>
          <span>
            vehicle
          </span>
        </li>
        <li
          class="relative p-4 rounded border border-theme-secondary-400 dark:border-theme-secondary-700"
          data-testid="MnemonicList__item"
        >
          <span
            class="absolute top-0 left-0 px-1 text-xs font-semibold transform translate-x-2 -translate-y-2 bg-theme-background text-theme-secondary-700"
          >
            24
          </span>
          <span>
            coin
          </span>
        </li>
      </ul>
      <div
        class="Divider-sc-17ehhxk-0 FRyyK border-theme-secondary-300 dark:border-theme-secondary-800"
        type="horizontal"
      />
      <div
        class="flex justify-between items-center"
      >
        <div
          class="space-y-2"
        >
          <span
            class="text-lg font-semibold text-theme-secondary-text"
          >
            Copy or Download Mnemonic Passphrase
          </span>
          <p
            class="text-sm text-theme-secondary-500"
          >
            You can copy or download your mnemonic, but store it safely.
          </p>
        </div>
        <div
          class="sc-bdvvtL kCgesw text-black dark:text-theme-secondary-600"
          height="40"
          width="40"
        >
          <svg>
            frame-key.svg
          </svg>
        </div>
      </div>
      <div
        class="flex justify-end space-x-3 w-full"
      >
        <div
          class="relative"
        >
          <button
            class="ClipboardButton__StyledButton-sc-cammp1-0 bAhMDA"
            data-testid="CreateWallet__copy"
            type="button"
          >
            <div
              class="flex items-center space-x-2"
            >
              <div
                class="sc-bdvvtL fCrhkg"
                height="16"
                width="16"
              >
                <svg>
                  copy.svg
                </svg>
              </div>
              <span>
                Copy
              </span>
            </div>
          </button>
        </div>
        <button
          class="OriginalButton__StyledButton-sc-o0fs2j-0 cxgwmk flex items-center space-x-2"
          data-testid="CreateWallet__download"
          type="button"
        >
          <div
            class="flex items-center space-x-2"
          >
            <div
              class="sc-bdvvtL fCrhkg"
              height="16"
              width="16"
            >
              <svg>
                arrow-down-bracket.svg
              </svg>
            </div>
            <span>
              Download
            </span>
          </div>
        </button>
      </div>
      <div
        class="Divider-sc-17ehhxk-0 FRyyK border-theme-secondary-300 dark:border-theme-secondary-800"
        type="horizontal"
      />
      <div
        class="flex flex-col space-y-2 w-full"
      >
        <div
          class="flex justify-between items-center space-x-5"
        >
          <span
            class="font-bold text-theme-secondary-text"
          >
            Use Wallet Encryption
          </span>
          <span
            data-testid="CreateWallet__encryption"
          >
            <label
              class="Toggle__Wrapper-sc-6s3wfu-0 efNWJo"
            >
              <input
                class="Toggle__Input-sc-6s3wfu-1 WwplI"
                data-testid="CreateWallet__encryption-toggle"
                type="checkbox"
              />
              <div
                class="Toggle__Handle-sc-6s3wfu-2 cobHFC"
              >
                <span
                  class="Toggle__HandleInner-sc-6s3wfu-3 ddepvC"
                />
              </div>
            </label>
          </span>
        </div>
        <span
          class="text-sm text-theme-secondary-500 mr-12"
        >
          This will allow you to set an encryption password during creation to use instead of your mnemonic.
        </span>
      </div>
    </div>
  </section>
</DocumentFragment>
`;
