// Jest Snapshot v1, https://goo.gl/fbAQLP

exports[`ReceiveFundsForm should emit amount onChange event 1`] = `
<DocumentFragment>
  <div
    data-testid="ReceiveFundsForm"
  >
    <div
      class="mt-8 space-y-5"
    >
      <fieldset
        class="FormField__FormFieldStyled-sc-q4bblx-0 dFNJMk flex flex-col space-y-2"
      >
        <label
          class="flex mb-2 text-sm font-semibold transition-colors duration-100 FormLabel text-theme-secondary-text"
          data-testid="FormLabel"
          for="amount"
        >
          Amount
          <span
            class="ml-1 text-theme-secondary-500 dark:text-theme-secondary-700"
            data-testid="FormLabel__optional"
          >
            optional
          </span>
        </label>
        <div
          class="relative"
        >
          <div
            class="Input__InputWrapperStyled-sc-1i8sd1r-0 cLNVAR pr-20"
          >
            <div
              class="relative flex flex-1 h-full"
            >
              <input
                class="Input__InputStyled-sc-1i8sd1r-1 hPntwa p-0 border-none bg-transparent focus:ring-0 no-ligatures w-full"
                data-testid="ReceiveFundsForm__amount"
                name="amount"
                placeholder="Amount"
                type="text"
                value="10"
              />
            </div>
          </div>
        </div>
      </fieldset>
      <fieldset
        class="FormField__FormFieldStyled-sc-q4bblx-0 dFNJMk flex flex-col space-y-2"
      >
        <label
          class="flex mb-2 text-sm font-semibold transition-colors duration-100 FormLabel text-theme-secondary-text"
          data-testid="FormLabel"
          for="memo"
        >
          Memo
          <span
            class="ml-1 text-theme-secondary-500 dark:text-theme-secondary-700"
            data-testid="FormLabel__optional"
          >
            optional
          </span>
        </label>
        <div
          class="Input__InputWrapperStyled-sc-1i8sd1r-0 cLNVAR"
        >
          <div
            class="relative flex flex-1 h-full"
          >
            <input
              class="Input__InputStyled-sc-1i8sd1r-1 hPntwa p-0 border-none bg-transparent focus:ring-0 no-ligatures w-full"
              data-testid="ReceiveFundsForm__memo"
              name="memo"
              value=""
            />
          </div>
          <div
            class="flex items-center space-x-3 divide-x divide-theme-secondary-300 dark:divide-theme-secondary-800 text-theme-primary-300 dark:text-theme-secondary-600"
            data-testid="Input__addon-end"
          >
            <div
              class=""
            >
              <span
                class="font-semibold text-sm text-theme-secondary-500 dark:text-theme-secondary-700"
                data-testid="InputCounter__counter"
              >
                0/255
              </span>
            </div>
          </div>
        </div>
      </fieldset>
    </div>
  </div>
</DocumentFragment>
`;

exports[`ReceiveFundsForm should emit memo onChange event 1`] = `
<DocumentFragment>
  <div
    data-testid="ReceiveFundsForm"
  >
    <div
      class="mt-8 space-y-5"
    >
      <fieldset
        class="FormField__FormFieldStyled-sc-q4bblx-0 dFNJMk flex flex-col space-y-2"
      >
        <label
          class="flex mb-2 text-sm font-semibold transition-colors duration-100 FormLabel text-theme-secondary-text"
          data-testid="FormLabel"
          for="amount"
        >
          Amount
          <span
            class="ml-1 text-theme-secondary-500 dark:text-theme-secondary-700"
            data-testid="FormLabel__optional"
          >
            optional
          </span>
        </label>
        <div
          class="relative"
        >
          <div
            class="Input__InputWrapperStyled-sc-1i8sd1r-0 cLNVAR pr-20"
          >
            <div
              class="relative flex flex-1 h-full"
            >
              <input
                class="Input__InputStyled-sc-1i8sd1r-1 hPntwa p-0 border-none bg-transparent focus:ring-0 no-ligatures w-full"
                data-testid="ReceiveFundsForm__amount"
                name="amount"
                placeholder="Amount"
                type="text"
                value=""
              />
            </div>
          </div>
        </div>
      </fieldset>
      <fieldset
        class="FormField__FormFieldStyled-sc-q4bblx-0 dFNJMk flex flex-col space-y-2"
      >
        <label
          class="flex mb-2 text-sm font-semibold transition-colors duration-100 FormLabel text-theme-secondary-text"
          data-testid="FormLabel"
          for="memo"
        >
          Memo
          <span
            class="ml-1 text-theme-secondary-500 dark:text-theme-secondary-700"
            data-testid="FormLabel__optional"
          >
            optional
          </span>
        </label>
        <div
          class="Input__InputWrapperStyled-sc-1i8sd1r-0 cLNVAR"
        >
          <div
            class="relative flex flex-1 h-full"
          >
            <input
              class="Input__InputStyled-sc-1i8sd1r-1 hPntwa p-0 border-none bg-transparent focus:ring-0 no-ligatures w-full"
              data-testid="ReceiveFundsForm__memo"
              name="memo"
              value=""
            />
          </div>
          <div
            class="flex items-center space-x-3 divide-x divide-theme-secondary-300 dark:divide-theme-secondary-800 text-theme-primary-300 dark:text-theme-secondary-600"
            data-testid="Input__addon-end"
          >
            <div
              class=""
            >
              <span
                class="font-semibold text-sm text-theme-secondary-500 dark:text-theme-secondary-700"
                data-testid="InputCounter__counter"
              >
                4/255
              </span>
            </div>
          </div>
        </div>
      </fieldset>
    </div>
  </div>
</DocumentFragment>
`;

exports[`ReceiveFundsForm should not show memo if is not supported by network 1`] = `
<DocumentFragment>
  <div
    data-testid="ReceiveFundsForm"
  >
    <div
      class="mt-8 space-y-5"
    >
      <fieldset
        class="FormField__FormFieldStyled-sc-q4bblx-0 dFNJMk flex flex-col space-y-2"
      >
        <label
          class="flex mb-2 text-sm font-semibold transition-colors duration-100 FormLabel text-theme-secondary-text"
          data-testid="FormLabel"
          for="amount"
        >
          Amount
          <span
            class="ml-1 text-theme-secondary-500 dark:text-theme-secondary-700"
            data-testid="FormLabel__optional"
          >
            optional
          </span>
        </label>
        <div
          class="relative"
        >
          <div
            class="Input__InputWrapperStyled-sc-1i8sd1r-0 cLNVAR pr-20"
          >
            <div
              class="relative flex flex-1 h-full"
            >
              <input
                class="Input__InputStyled-sc-1i8sd1r-1 hPntwa p-0 border-none bg-transparent focus:ring-0 no-ligatures w-full"
                data-testid="ReceiveFundsForm__amount"
                name="amount"
                placeholder="Amount"
                type="text"
                value=""
              />
            </div>
          </div>
        </div>
      </fieldset>
    </div>
  </div>
</DocumentFragment>
`;

exports[`ReceiveFundsForm should render 1`] = `
<DocumentFragment>
  <div
    data-testid="ReceiveFundsForm"
  >
    <div
      class="mt-8 space-y-5"
    >
      <fieldset
        class="FormField__FormFieldStyled-sc-q4bblx-0 dFNJMk flex flex-col space-y-2"
      >
        <label
          class="flex mb-2 text-sm font-semibold transition-colors duration-100 FormLabel text-theme-secondary-text"
          data-testid="FormLabel"
          for="amount"
        >
          Amount
          <span
            class="ml-1 text-theme-secondary-500 dark:text-theme-secondary-700"
            data-testid="FormLabel__optional"
          >
            optional
          </span>
        </label>
        <div
          class="relative"
        >
          <div
            class="Input__InputWrapperStyled-sc-1i8sd1r-0 cLNVAR pr-20"
          >
            <div
              class="relative flex flex-1 h-full"
            >
              <input
                class="Input__InputStyled-sc-1i8sd1r-1 hPntwa p-0 border-none bg-transparent focus:ring-0 no-ligatures w-full"
                data-testid="ReceiveFundsForm__amount"
                name="amount"
                placeholder="Amount"
                type="text"
                value=""
              />
            </div>
          </div>
        </div>
      </fieldset>
      <fieldset
        class="FormField__FormFieldStyled-sc-q4bblx-0 dFNJMk flex flex-col space-y-2"
      >
        <label
          class="flex mb-2 text-sm font-semibold transition-colors duration-100 FormLabel text-theme-secondary-text"
          data-testid="FormLabel"
          for="memo"
        >
          Memo
          <span
            class="ml-1 text-theme-secondary-500 dark:text-theme-secondary-700"
            data-testid="FormLabel__optional"
          >
            optional
          </span>
        </label>
        <div
          class="Input__InputWrapperStyled-sc-1i8sd1r-0 cLNVAR"
        >
          <div
            class="relative flex flex-1 h-full"
          >
            <input
              class="Input__InputStyled-sc-1i8sd1r-1 hPntwa p-0 border-none bg-transparent focus:ring-0 no-ligatures w-full"
              data-testid="ReceiveFundsForm__memo"
              name="memo"
              value=""
            />
          </div>
          <div
            class="flex items-center space-x-3 divide-x divide-theme-secondary-300 dark:divide-theme-secondary-800 text-theme-primary-300 dark:text-theme-secondary-600"
            data-testid="Input__addon-end"
          >
            <div
              class=""
            >
              <span
                class="font-semibold text-sm text-theme-secondary-500 dark:text-theme-secondary-700"
                data-testid="InputCounter__counter"
              >
                0/255
              </span>
            </div>
          </div>
        </div>
      </fieldset>
    </div>
  </div>
</DocumentFragment>
`;
