// Jest Snapshot v1, https://goo.gl/fbAQLP

exports[`TransactionFee should render 1`] = `
<div>
  <div
    class="TransactionDetail__TransactionDetailStyled-sc-r7sfme-0 hFlzIg no-ligatures"
    data-testid="TransactionFee"
  >
    <div
      class="flex-1 space-y-2 w-40 whitespace-nowrap"
    >
      <div
        class="text-sm font-semibold text-theme-secondary-500 dark:text-theme-secondary-700 no-ligatures"
      >
        Transaction Fee
      </div>
      <div
        class="flex items-center font-semibold"
      >
        <span
          class="whitespace-nowrap"
          data-testid="Amount"
        >
          1 DARK
        </span>
        <span
          class="whitespace-nowrap ml-2 text-theme-secondary-400"
          data-testid="Amount"
        >
          â‚¬1.50
        </span>
      </div>
    </div>
  </div>
</div>
`;
