// Jest Snapshot v1, https://goo.gl/fbAQLP

exports[`ApplicationError should render 1`] = `
<DocumentFragment>
  <main
    class="theme-dark"
    data-testid="Main"
  >
    <div
      class="flex relative flex-col min-h-screen"
    >
      <nav
        aria-labelledby="main menu"
        class="NavigationBarblocks__NavWrapper-sc-nciu2a-0 cxmxRW"
      >
        <div
          class="flex relative h-21"
        >
          <div
            class="flex flex-1 px-8 ml-12"
          >
            <div
              class="flex items-center my-auto"
            >
              <div
                class="flex items-center justify-center my-auto mr-4 pl-0.5 text-white rounded-xl w-11 h-11 bg-theme-success-600"
              >
                <svg
                  height="28"
                >
                  payvo-logo.svg
                </svg>
              </div>
            </div>
          </div>
        </div>
      </nav>
      <div
        class="flex flex-col flex-1"
      >
        <div
          class="Section__SectionWrapper-sc-plnv9l-0 fYoPaw flex flex-col flex-1 justify-center text-center"
        >
          <div
            class="container px-10 mx-auto"
          >
            <div
              class="flex justify-center mx-auto max-w-lg"
            >
              <svg>
                generic-error-dark-green.svg
              </svg>
            </div>
            <div
              class="mt-8"
              data-testid="ApplicationError__text"
            >
              <h2
                class="text-2xl font-bold"
              >
                Something went wrong
              </h2>
              <p
                class="text-theme-secondary-text"
              >
                It looks like something went wrong. Try visiting another page or reloading.
              </p>
            </div>
            <button
              class="OriginalButton__StyledButton-sc-o0fs2j-0 isLyLB mt-8"
              data-testid="ApplicationError__button--reload"
              type="button"
            >
              <div
                class="flex items-center space-x-2"
              >
                Reload
              </div>
            </button>
          </div>
        </div>
      </div>
    </div>
  </main>
</DocumentFragment>
`;
