// Jest Snapshot v1, https://goo.gl/fbAQLP

exports[`SignIn should not render if not open 1`] = `<DocumentFragment />`;

exports[`SignIn should render a modal 1`] = `
<DocumentFragment>
  <div
    class="flex fixed inset-0 z-50 py-20 w-full h-full bg-opacity-60 dark:bg-opacity-80 bg-theme-secondary-900-rgba overflow-overlay dark:bg-black-rgba"
    data-testid="modal__overlay"
  >
    <div
      class="Modal__ModalContainer-sc-5lu2mc-0 fVxcFR"
      tabindex="-1"
    >
      <div
        class="flex overflow-hidden relative flex-col p-10 shadow-2xl rounded-2.5xl bg-theme-background"
        data-testid="modal__inner"
      >
        <div
          class="absolute top-0 right-0 z-10 mt-5 mr-5 rounded transition-all duration-100 ease-linear bg-theme-primary-100 dark:bg-theme-secondary-800 dark:text-theme-secondary-600 dark:hover:bg-theme-secondary-700 dark:hover:text-theme-secondary-400 hover:bg-theme-primary-300"
        >
          <button
            class="OriginalButton__StyledButton-sc-o0fs2j-0 enzTPF w-11 h-11"
            data-testid="modal__close-btn"
            type="button"
          >
            <div
              class="flex items-center space-x-2"
            >
              <div
                class="sc-bdvvtL fCrhkg"
                height="16"
                width="16"
              >
                <svg>
                  cross.svg
                </svg>
              </div>
            </div>
          </button>
        </div>
        <div
          class="relative space-y-4"
        >
          <h2
            class="mb-0 text-2xl font-bold"
          >
            Sign In
          </h2>
          <div
            class="flex-1"
          >
            <div
              class="whitespace-pre-line text-theme-secondary-text"
            >
              Sign in to access your Profile.
            </div>
            <div
              class="mt-8"
            >
              <div
                class="flex items-center space-x-3"
              >
                <div
                  class="Avatar__AvatarWrapper-sc-18vw8a4-0 ewMeZp flex-shrink-0"
                  data-testid="Avatar"
                >
                  <div
                    class="w-full h-full inline-flex items-center justify-center overflow-hidden align-middle rounded-full"
                  >
                    <img
                      alt="Jane Doe"
                      data-testid="ProfileAvatar__svg"
                      src="data:image/svg+xml;utf8,<svg version=\\"1.1\\" xmlns=\\"http://www.w3.org/2000/svg\\" class=\\"picasso\\" width=\\"100\\" height=\\"100\\" viewBox=\\"0 0 100 100\\"><style>.picasso circle{mix-blend-mode:soft-light;}</style><rect fill=\\"rgb(0, 150, 136)\\" width=\\"100\\" height=\\"100\\"/><circle r=\\"55\\" cx=\\"20\\" cy=\\"60\\" fill=\\"rgb(233, 30, 99)\\"/><circle r=\\"60\\" cx=\\"50\\" cy=\\"70\\" fill=\\"rgb(255, 193, 7)\\"/><circle r=\\"45\\" cx=\\"30\\" cy=\\"30\\" fill=\\"rgb(63, 81, 181)\\"/></svg>"
                      title="Jane Doe"
                    />
                    <span
                      class="absolute font-semibold text-white"
                    >
                      JA
                    </span>
                  </div>
                </div>
                <div
                  class="flex flex-col"
                >
                  <p
                    class="text-sm font-semibold text-theme-secondary-500 dark:text-theme-secondary-700"
                  >
                    Name
                  </p>
                  <p
                    class="font-semibold text-theme-text"
                    data-testid="profile-card__user--name"
                  >
                    <span>
                      Jane Doe
                    </span>
                  </p>
                </div>
              </div>
            </div>
            <div
              class="Divider-sc-17ehhxk-0 FRyyK border-theme-secondary-300 dark:border-theme-secondary-800"
              type="horizontal"
            />
            <form
              class="mt-8"
              data-testid="Form"
            >
              <fieldset
                class="FormField__FormFieldStyled-sc-q4bblx-0 dFNJMk flex flex-col space-y-2"
              >
                <label
                  class="flex mb-2 text-sm font-semibold transition-colors duration-100 FormLabel text-theme-secondary-text"
                  data-testid="FormLabel"
                  for="password"
                >
                  Password
                </label>
                <div
                  class="Input__InputWrapperStyled-sc-1i8sd1r-0 cLNVAR"
                >
                  <div
                    class="relative flex flex-1 h-full"
                  >
                    <input
                      class="Input__InputStyled-sc-1i8sd1r-1 hPntwa p-0 border-none bg-transparent focus:ring-0 no-ligatures w-full"
                      data-testid="SignIn__input--password"
                      name="password"
                      type="password"
                      value=""
                    />
                  </div>
                  <div
                    class="flex items-center space-x-3 divide-x divide-theme-secondary-300 dark:divide-theme-secondary-800 text-theme-primary-300 dark:text-theme-secondary-600"
                    data-testid="Input__addon-end"
                  >
                    <div
                      class=""
                    >
                      <button
                        class="flex relative justify-center items-center w-full h-full text-2xl focus:outline-none ring-focus"
                        data-ring-focus-margin="-m-1"
                        data-testid="InputPassword__toggle"
                        type="button"
                      >
                        <div
                          class="sc-bdvvtL qGXhc"
                          height="20"
                          width="20"
                        >
                          <svg>
                            eye.svg
                          </svg>
                        </div>
                      </button>
                    </div>
                  </div>
                </div>
              </fieldset>
              <div
                class="flex justify-end mt-8 space-x-3"
              >
                <button
                  class="OriginalButton__StyledButton-sc-o0fs2j-0 cxgwmk"
                  data-testid="SignIn__cancel-button"
                  type="button"
                >
                  <div
                    class="flex items-center space-x-2"
                  >
                    Cancel
                  </div>
                </button>
                <button
                  class="OriginalButton__StyledButton-sc-o0fs2j-0 kkDhXe"
                  data-testid="SignIn__submit-button"
                  disabled=""
                  type="submit"
                >
                  <div
                    class="flex items-center space-x-2"
                  >
                    Sign In
                  </div>
                </button>
              </div>
            </form>
          </div>
        </div>
      </div>
    </div>
  </div>
</DocumentFragment>
`;
