// Jest Snapshot v1, https://goo.gl/fbAQLP

exports[`PluginRoutes should render 1`] = `
<DocumentFragment>
  <div
    class="RouterView__Wrapper-sc-fll7t2-0"
    data-testid="RouterView__wrapper"
  >
    <h1>
      PluginRoutes
    </h1>
  </div>
</DocumentFragment>
`;
