// Jest Snapshot v1, https://goo.gl/fbAQLP

exports[`PasswordModal should not render if not open 1`] = `<DocumentFragment />`;

exports[`PasswordModal should render with title and description 1`] = `
<DocumentFragment>
  <div
    class="flex fixed inset-0 z-50 py-20 w-full h-full bg-opacity-60 dark:bg-opacity-80 bg-theme-secondary-900-rgba overflow-overlay dark:bg-black-rgba"
    data-testid="modal__overlay"
  >
    <div
      class="Modal__ModalContainer-sc-5lu2mc-0 fVxcFR"
      tabindex="-1"
    >
      <div
        class="flex overflow-hidden relative flex-col p-10 shadow-2xl rounded-2.5xl bg-theme-background"
        data-testid="modal__inner"
      >
        <div
          class="absolute top-0 right-0 z-10 mt-5 mr-5 rounded transition-all duration-100 ease-linear bg-theme-primary-100 dark:bg-theme-secondary-800 dark:text-theme-secondary-600 dark:hover:bg-theme-secondary-700 dark:hover:text-theme-secondary-400 hover:bg-theme-primary-300"
        >
          <button
            class="OriginalButton__StyledButton-sc-o0fs2j-0 enzTPF w-11 h-11"
            data-testid="modal__close-btn"
            type="button"
          >
            <div
              class="flex items-center space-x-2"
            >
              <div
                class="sc-bdvvtL fCrhkg"
                height="16"
                width="16"
              >
                <svg>
                  cross.svg
                </svg>
              </div>
            </div>
          </button>
        </div>
        <div
          class="relative space-y-4"
        >
          <h2
            class="mb-0 text-2xl font-bold items-left"
          >
            Password title
          </h2>
          <div
            class="flex-1"
          >
            <div
              class="whitespace-pre-line text-theme-secondary-text"
            >
              Password description
            </div>
            <form
              class="mt-8"
              data-testid="Form"
            >
              <fieldset
                class="FormField__FormFieldStyled-sc-q4bblx-0 dFNJMk flex flex-col space-y-2"
              >
                <label
                  class="flex mb-2 text-sm font-semibold transition-colors duration-100 FormLabel text-theme-secondary-text"
                  data-testid="FormLabel"
                  for="password"
                >
                  Password
                </label>
                <div
                  class="Input__InputWrapperStyled-sc-1i8sd1r-0 cLNVAR"
                >
                  <div
                    class="relative flex flex-1 h-full"
                  >
                    <input
                      class="Input__InputStyled-sc-1i8sd1r-1 hPntwa p-0 border-none bg-transparent focus:ring-0 no-ligatures w-full"
                      data-testid="PasswordModal__input"
                      name="password"
                      type="password"
                      value=""
                    />
                  </div>
                  <div
                    class="flex items-center space-x-3 divide-x divide-theme-secondary-300 dark:divide-theme-secondary-800 text-theme-primary-300 dark:text-theme-secondary-600"
                    data-testid="Input__addon-end"
                  >
                    <div
                      class=""
                    >
                      <button
                        class="flex relative justify-center items-center w-full h-full text-2xl focus:outline-none ring-focus"
                        data-ring-focus-margin="-m-1"
                        data-testid="InputPassword__toggle"
                        type="button"
                      >
                        <div
                          class="sc-bdvvtL qGXhc"
                          height="20"
                          width="20"
                        >
                          <svg>
                            eye.svg
                          </svg>
                        </div>
                      </button>
                    </div>
                  </div>
                </div>
              </fieldset>
              <div
                class="flex justify-end mt-8 space-x-3"
              >
                <button
                  class="OriginalButton__StyledButton-sc-o0fs2j-0 kkDhXe"
                  data-testid="PasswordModal__submit-button"
                  disabled=""
                  type="submit"
                >
                  <div
                    class="flex items-center space-x-2"
                  >
                    Confirm
                  </div>
                </button>
              </div>
            </form>
          </div>
        </div>
      </div>
    </div>
  </div>
</DocumentFragment>
`;
