// Jest Snapshot v1, https://goo.gl/fbAQLP

exports[`WelcomeModal should not render if user completed the tutorial 1`] = `<DocumentFragment />`;

exports[`WelcomeModal should render a modal if user hasnt completed the tutorial 1`] = `
<DocumentFragment>
  <div
    class="flex fixed inset-0 z-50 py-20 w-full h-full bg-opacity-60 dark:bg-opacity-80 bg-theme-secondary-900-rgba overflow-overlay dark:bg-black-rgba"
    data-testid="modal__overlay"
  >
    <div
      class="Modal__ModalContainer-sc-5lu2mc-0 epQFkJ"
      tabindex="-1"
    >
      <div
        class="flex overflow-hidden relative flex-col p-10 shadow-2xl rounded-2.5xl bg-theme-background"
        data-testid="modal__inner"
      >
        <div
          class="absolute top-0 right-0 z-10 mt-5 mr-5 rounded transition-all duration-100 ease-linear bg-theme-primary-100 dark:bg-theme-secondary-800 dark:text-theme-secondary-600 dark:hover:bg-theme-secondary-700 dark:hover:text-theme-secondary-400 hover:bg-theme-primary-300"
        >
          <button
            class="OriginalButton__StyledButton-sc-o0fs2j-0 enzTPF w-11 h-11"
            data-testid="modal__close-btn"
            type="button"
          >
            <div
              class="flex items-center space-x-2"
            >
              <div
                class="sc-bdvvtL fCrhkg"
                height="16"
                width="16"
              >
                <svg>
                  cross.svg
                </svg>
              </div>
            </div>
          </button>
        </div>
        <div
          class="relative space-y-4"
        >
          <h2
            class="mb-0 text-2xl font-bold"
          >
            Welcome to Payvo Wallet
          </h2>
          <div
            class="flex-1"
          >
            <svg
              class="my-8"
            >
              welcome-modal-banner-dark-green.svg
            </svg>
            <div
              class="container space-y-8"
            >
              <div
                class="text-base leading-7 text-theme-secondary-text"
              >
                <p>
                  Start a quick tour to learn how to get the most out of the Payvo Wallet, or skip it to go directly to your profile.
                </p>
              </div>
              <div
                class="flex justify-between space-x-3 items-center"
              >
                <label
                  class="inline-flex items-center space-x-3 cursor-pointer dark:text-theme-secondary-700 text-theme-secondary-500 text-sm"
                >
                  <input
                    class="Checkbox-sc-1aq7nos-0 gdmzcT"
                    color="success"
                    type="checkbox"
                  />
                  <span>
                    Don't show this quick tour again.
                  </span>
                </label>
                <div
                  class="flex space-x-3"
                >
                  <button
                    class="OriginalButton__StyledButton-sc-o0fs2j-0 cxgwmk"
                    data-testid="WelcomeModal-skip"
                    type="button"
                  >
                    <div
                      class="flex items-center space-x-2"
                    >
                      Skip
                    </div>
                  </button>
                  <button
                    class="OriginalButton__StyledButton-sc-o0fs2j-0 isLyLB"
                    data-testid="WelcomeModal-next"
                    type="button"
                  >
                    <div
                      class="flex items-center space-x-2"
                    >
                      Start
                    </div>
                  </button>
                </div>
              </div>
            </div>
          </div>
        </div>
      </div>
    </div>
  </div>
</DocumentFragment>
`;
