// Jest Snapshot v1, https://goo.gl/fbAQLP

exports[`TransactionNetwork should render 1`] = `
<div>
  <div
    class="TransactionDetail__TransactionDetailStyled-sc-r7sfme-0 hFlzIg no-ligatures"
    data-testid="TransactionNetwork"
  >
    <div
      class="flex-1 space-y-2 w-40 whitespace-nowrap"
    >
      <div
        class="text-sm font-semibold text-theme-secondary-500 dark:text-theme-secondary-700 no-ligatures"
      >
        Cryptoasset
      </div>
      <div
        class="flex items-center font-semibold"
      >
        ARK Devnet
      </div>
    </div>
    <div
      aria-label="ARK Devnet"
      class="Circle__CircleWrapper-sc-d5u41q-0 egSsGQ text-theme-secondary-700 border-theme-secondary-300 dark:border-theme-secondary-700 ring-theme-background"
      data-testid="NetworkIcon-ARK-ark.devnet"
    >
      <div
        class="sc-bdvvtL qGXhc"
        data-testid="NetworkIcon__icon"
        height="20"
        width="20"
      >
        <svg>
          ark.svg
        </svg>
      </div>
    </div>
  </div>
</div>
`;
